Product: MDK-ARM Standard 5.10
Component: ARM Compiler 5.04 update 1 (build 49)
Tool: armlink [5040049]

==============================================================================

Section Cross References

    main.o(i.main) refers to sys.o(i.Stm32_Clock_Init) for Stm32_Clock_Init
    main.o(i.main) refers to jpstm32_sysclk.o(i.delayInit) for delayInit
    main.o(i.main) refers to sys.o(i.JTAG_Set) for JTAG_Set
    main.o(i.main) refers to zigbee_usart.o(i.zigbee_usart_init) for zigbee_usart_init
    main.o(i.main) refers to tp4115.o(i.PT4115_Init) for PT4115_Init
    main.o(i.main) refers to tp4115.o(i.PT4115_Change) for PT4115_Change
    main.o(i.main) refers to zigbee_usart.o(.data) for R_Finish
    main.o(i.main) refers to zigbee_usart.o(.bss) for zigbee_buffer
    startup_stm32f10x_md.o(STACK) refers (Special) to heapauxi.o(.text) for __use_two_region_memory
    startup_stm32f10x_md.o(HEAP) refers (Special) to heapauxi.o(.text) for __use_two_region_memory
    startup_stm32f10x_md.o(RESET) refers (Special) to heapauxi.o(.text) for __use_two_region_memory
    startup_stm32f10x_md.o(RESET) refers to startup_stm32f10x_md.o(STACK) for __initial_sp
    startup_stm32f10x_md.o(RESET) refers to startup_stm32f10x_md.o(.text) for Reset_Handler
    startup_stm32f10x_md.o(RESET) refers to zigbee_usart.o(i.DMA1_Channel7_IRQHandler) for DMA1_Channel7_IRQHandler
    startup_stm32f10x_md.o(RESET) refers to a4988.o(i.TIM3_IRQHandler) for TIM3_IRQHandler
    startup_stm32f10x_md.o(RESET) refers to debug_usart.o(i.USART1_IRQHandler) for USART1_IRQHandler
    startup_stm32f10x_md.o(RESET) refers to zigbee_usart.o(i.USART2_IRQHandler) for USART2_IRQHandler
    startup_stm32f10x_md.o(RESET) refers to usart3.o(i.USART3_IRQHandler) for USART3_IRQHandler
    startup_stm32f10x_md.o(.text) refers (Special) to heapauxi.o(.text) for __use_two_region_memory
    startup_stm32f10x_md.o(.text) refers to __main.o(!!!main) for __main
    startup_stm32f10x_md.o(.text) refers to startup_stm32f10x_md.o(HEAP) for Heap_Mem
    startup_stm32f10x_md.o(.text) refers to startup_stm32f10x_md.o(STACK) for Stack_Mem
    delay.o(i._delay_init) refers to delay.o(.data) for fac_us
    delay.o(i._delay_ms) refers to delay.o(.data) for fac_ms
    delay.o(i._delay_us) refers to delay.o(.data) for fac_us
    sys.o(i.MYRCC_DeInit) refers to sys.o(i.MY_NVIC_SetVectorTable) for MY_NVIC_SetVectorTable
    sys.o(i.MY_NVIC_Init) refers to sys.o(i.MY_NVIC_PriorityGroupConfig) for MY_NVIC_PriorityGroupConfig
    sys.o(i.Stm32_Clock_Init) refers to sys.o(i.MYRCC_DeInit) for MYRCC_DeInit
    sys.o(i.Sys_Standby) refers to sys.o(.emb_text) for WFI_SET
    a4988.o(i.A4988_Init) refers to a4988.o(i.TIM4_TIM3_Init) for TIM4_TIM3_Init
    a4988.o(i.TIM4_TIM3_Init) refers to sys.o(i.MY_NVIC_Init) for MY_NVIC_Init
    tp4115.o(i.PT4115_Init) refers to tim.o(i.TIM3_CH1234_Init) for TIM3_CH1234_Init
    tp4115.o(i.PT4115_Init) refers to tp4115.o(i.PT4115_Change) for PT4115_Change
    ws2812b.o(i.WS2812B_Clear) refers to ws2812b.o(i.WS2812B_EN) for WS2812B_EN
    ws2812b.o(i.WS2812B_Clear) refers to ws2812b.o(.bss) for PixelBuffer
    ws2812b.o(i.WS2812B_Init) refers to ws2812b.o(.bss) for PixelBuffer
    ws2812b.o(i.WS2812B_Pixel_EN) refers to ws2812b.o(i.WS2812B_EN) for WS2812B_EN
    ws2812b.o(i.WS2812B_Pixel_EN) refers to ws2812b.o(.bss) for PixelBuffer
    debug_usart.o(i.USART1_IRQHandler) refers to debug_usart.o(.data) for USART1_TX_Len
    debug_usart.o(i.usart_init) refers to fflt_clz.o(x$fpl$ffltu) for __aeabi_ui2f
    debug_usart.o(i.usart_init) refers to fdiv.o(x$fpl$fdiv) for __aeabi_fdiv
    debug_usart.o(i.usart_init) refers to ffixu.o(x$fpl$ffixu) for __aeabi_f2uiz
    debug_usart.o(i.usart_init) refers to faddsub_clz.o(x$fpl$frsb) for __aeabi_frsub
    debug_usart.o(i.usart_init) refers to fmul.o(x$fpl$fmul) for __aeabi_fmul
    debug_usart.o(i.usart_init) refers to jpstm32_sysclk.o(i.delayMs) for delayMs
    debug_usart.o(i.usart_init) refers to sys.o(i.MY_NVIC_Init) for MY_NVIC_Init
    debug_usart.o(i.usart_init) refers to debug_usart.o(.bss) for USART1_Tx_Buffer
    debug_usart.o(i.usart_read) refers to debug_usart.o(.bss) for usart_buffer
    debug_usart.o(i.usart_read) refers to debug_usart.o(.data) for usart_buffer_overflow_flag
    co2.o(i.CO2_Init) refers to usart3.o(i.usart3_init) for usart3_init
    co2.o(i.CO2_Measure) refers to usart3.o(i.Usart3_send) for Usart3_send
    co2.o(i.CO2_Measure) refers to co2.o(.data) for CO2_R_COM
    co2.o(i.CO2_Measure) refers to usart3.o(.data) for UsartR_Finished
    co2.o(i.CO2_Measure) refers to usart3.o(.bss) for Usart3Buffer
    usart3.o(i.USART3_IRQHandler) refers to usart3.o(.data) for Usart3RX_L
    usart3.o(i.usart3_init) refers to fflt_clz.o(x$fpl$ffltu) for __aeabi_ui2f
    usart3.o(i.usart3_init) refers to fdiv.o(x$fpl$fdiv) for __aeabi_fdiv
    usart3.o(i.usart3_init) refers to ffixu.o(x$fpl$ffixu) for __aeabi_f2uiz
    usart3.o(i.usart3_init) refers to faddsub_clz.o(x$fpl$frsb) for __aeabi_frsub
    usart3.o(i.usart3_init) refers to fmul.o(x$fpl$fmul) for __aeabi_fmul
    usart3.o(i.usart3_init) refers to jpstm32_sysclk.o(i.delayMs) for delayMs
    usart3.o(i.usart3_init) refers to sys.o(i.MY_NVIC_Init) for MY_NVIC_Init
    usart3.o(i.usart3_init) refers to usart3.o(.bss) for Usart3Buffer
    myiic.o(i.IIC_Ack) refers to jpstm32_sysclk.o(i.delayUs) for delayUs
    myiic.o(i.IIC_NAck) refers to jpstm32_sysclk.o(i.delayUs) for delayUs
    myiic.o(i.IIC_Read_Byte) refers to jpstm32_sysclk.o(i.delayUs) for delayUs
    myiic.o(i.IIC_Read_Byte) refers to myiic.o(i.IIC_NAck) for IIC_NAck
    myiic.o(i.IIC_Read_Byte) refers to myiic.o(i.IIC_Ack) for IIC_Ack
    myiic.o(i.IIC_Send_Byte) refers to jpstm32_sysclk.o(i.delayUs) for delayUs
    myiic.o(i.IIC_Start) refers to jpstm32_sysclk.o(i.delayUs) for delayUs
    myiic.o(i.IIC_Stop) refers to jpstm32_sysclk.o(i.delayUs) for delayUs
    myiic.o(i.IIC_Wait_Ack) refers to jpstm32_sysclk.o(i.delayUs) for delayUs
    myiic.o(i.Sing_Read_NR) refers to myiic.o(i.IIC_Start) for IIC_Start
    myiic.o(i.Sing_Read_NR) refers to myiic.o(i.IIC_Send_Byte) for IIC_Send_Byte
    myiic.o(i.Sing_Read_NR) refers to myiic.o(i.IIC_Stop) for IIC_Stop
    myiic.o(i.Sing_Read_NR) refers to myiic.o(i.IIC_Wait_Ack) for IIC_Wait_Ack
    myiic.o(i.Sing_Read_NR) refers to myiic.o(i.IIC_Read_Byte) for IIC_Read_Byte
    myiic.o(i.Sing_Read_NR) refers to jpstm32_sysclk.o(i.delayMs) for delayMs
    myiic.o(i.Sing_Write_ND) refers to myiic.o(i.IIC_Start) for IIC_Start
    myiic.o(i.Sing_Write_ND) refers to myiic.o(i.IIC_Send_Byte) for IIC_Send_Byte
    myiic.o(i.Sing_Write_ND) refers to myiic.o(i.IIC_Wait_Ack) for IIC_Wait_Ack
    myiic.o(i.Sing_Write_ND) refers to myiic.o(i.IIC_Stop) for IIC_Stop
    myiic.o(i.Sing_Write_ND) refers to jpstm32_sysclk.o(i.delayMs) for delayMs
    myiic.o(i.Single_Read) refers to myiic.o(i.IIC_Start) for IIC_Start
    myiic.o(i.Single_Read) refers to myiic.o(i.IIC_Send_Byte) for IIC_Send_Byte
    myiic.o(i.Single_Read) refers to myiic.o(i.IIC_Wait_Ack) for IIC_Wait_Ack
    myiic.o(i.Single_Read) refers to myiic.o(i.IIC_Stop) for IIC_Stop
    myiic.o(i.Single_Read) refers to myiic.o(i.IIC_Read_Byte) for IIC_Read_Byte
    myiic.o(i.Single_Read_Len) refers to myiic.o(i.IIC_Start) for IIC_Start
    myiic.o(i.Single_Read_Len) refers to myiic.o(i.IIC_Send_Byte) for IIC_Send_Byte
    myiic.o(i.Single_Read_Len) refers to myiic.o(i.IIC_Wait_Ack) for IIC_Wait_Ack
    myiic.o(i.Single_Read_Len) refers to myiic.o(i.IIC_Stop) for IIC_Stop
    myiic.o(i.Single_Read_Len) refers to jpstm32_sysclk.o(i.delayMs) for delayMs
    myiic.o(i.Single_Read_Len) refers to myiic.o(i.IIC_Read_Byte) for IIC_Read_Byte
    myiic.o(i.Single_Write) refers to myiic.o(i.IIC_Start) for IIC_Start
    myiic.o(i.Single_Write) refers to myiic.o(i.IIC_Send_Byte) for IIC_Send_Byte
    myiic.o(i.Single_Write) refers to myiic.o(i.IIC_Wait_Ack) for IIC_Wait_Ack
    myiic.o(i.Single_Write) refers to myiic.o(i.IIC_Stop) for IIC_Stop
    myiic.o(i.Single_Write) refers to jpstm32_sysclk.o(i.delayUs) for delayUs
    sht20.o(i.SHT20_Measure) refers to myiic.o(i.Single_Read_Len) for Single_Read_Len
    sht20.o(i.SHT20_Measure) refers to fflt_clz.o(x$fpl$ffltu) for __aeabi_ui2f
    sht20.o(i.SHT20_Measure) refers to f2d.o(x$fpl$f2d) for __aeabi_f2d
    sht20.o(i.SHT20_Measure) refers to dmul.o(x$fpl$dmul) for __aeabi_dmul
    sht20.o(i.SHT20_Measure) refers to daddsub_clz.o(x$fpl$dsub) for __aeabi_dsub
    sht20.o(i.SHT20_Measure) refers to d2f.o(x$fpl$d2f) for __aeabi_d2f
    sht20.o(i.SHT20_Original_HUM) refers to myiic.o(i.Single_Read_Len) for Single_Read_Len
    sht20.o(i.SHT20_Original_TEMP) refers to myiic.o(i.Single_Read_Len) for Single_Read_Len
    bh1750.o(i.BH1750_Init) refers to myiic.o(i.Sing_Write_ND) for Sing_Write_ND
    bh1750.o(i.BH1750_Measure) refers to myiic.o(i.Sing_Read_NR) for Sing_Read_NR
    bh1750.o(i.BH1750_Measure) refers to dflt_clz.o(x$fpl$dfltu) for __aeabi_ui2d
    bh1750.o(i.BH1750_Measure) refers to ddiv.o(x$fpl$ddiv) for __aeabi_ddiv
    bh1750.o(i.BH1750_Measure) refers to d2f.o(x$fpl$d2f) for __aeabi_d2f
    bh1750.o(i.BH1750_Original_Measure) refers to myiic.o(i.Sing_Read_NR) for Sing_Read_NR
    bh1750.o(i.BH1750_Start) refers to myiic.o(i.Sing_Write_ND) for Sing_Write_ND
    zigbee_usart.o(i.DMA1_Channel7_IRQHandler) refers to zigbee_usart.o(.bss) for zigbee_buffer
    zigbee_usart.o(i.USART2_IRQHandler) refers to zigbee_usart.o(.data) for size
    zigbee_usart.o(i.zigbee_usart_init) refers to fflt_clz.o(x$fpl$ffltu) for __aeabi_ui2f
    zigbee_usart.o(i.zigbee_usart_init) refers to fdiv.o(x$fpl$fdiv) for __aeabi_fdiv
    zigbee_usart.o(i.zigbee_usart_init) refers to ffixu.o(x$fpl$ffixu) for __aeabi_f2uiz
    zigbee_usart.o(i.zigbee_usart_init) refers to faddsub_clz.o(x$fpl$frsb) for __aeabi_frsub
    zigbee_usart.o(i.zigbee_usart_init) refers to fmul.o(x$fpl$fmul) for __aeabi_fmul
    zigbee_usart.o(i.zigbee_usart_init) refers to jpstm32_sysclk.o(i.delayMs) for delayMs
    zigbee_usart.o(i.zigbee_usart_init) refers to sys.o(i.MY_NVIC_Init) for MY_NVIC_Init
    zigbee_usart.o(i.zigbee_usart_init) refers to zigbee_usart.o(.bss) for zigbee_buffer
    veml6070.o(i.VEML6070_Measure) refers to myiic.o(i.IIC_Start) for IIC_Start
    veml6070.o(i.VEML6070_Measure) refers to myiic.o(i.IIC_Send_Byte) for IIC_Send_Byte
    veml6070.o(i.VEML6070_Measure) refers to myiic.o(i.IIC_Wait_Ack) for IIC_Wait_Ack
    veml6070.o(i.VEML6070_Measure) refers to myiic.o(i.IIC_Stop) for IIC_Stop
    veml6070.o(i.VEML6070_Measure) refers to myiic.o(i.IIC_Read_Byte) for IIC_Read_Byte
    veml6070.o(i.VEML6070_Set) refers to myiic.o(i.IIC_Start) for IIC_Start
    veml6070.o(i.VEML6070_Set) refers to myiic.o(i.IIC_Send_Byte) for IIC_Send_Byte
    veml6070.o(i.VEML6070_Set) refers to myiic.o(i.IIC_Wait_Ack) for IIC_Wait_Ack
    veml6070.o(i.VEML6070_Set) refers to myiic.o(i.IIC_Stop) for IIC_Stop
    jpstm32_nvic.o(i.nvicRegister) refers to jpstm32_nvic.o(i.nvicSetGroup) for nvicSetGroup
    jpstm32_nvic.o(i.nvicRegister) refers to jpstm32_nvic.o(i.nvicSetPriority) for nvicSetPriority
    jpstm32_sysclk.o(i.delayInit) refers to jpstm32_sysclk.o(.data) for fac_us
    jpstm32_sysclk.o(i.delayMs) refers to jpstm32_sysclk.o(.data) for fac_ms
    jpstm32_sysclk.o(i.delayUs) refers to jpstm32_sysclk.o(.data) for fac_us
    jpstm32_sysclk.o(i.rccInit) refers to jpstm32_nvic.o(i.nvicSetVector) for nvicSetVector
    jpstm32_sysclk.o(i.sysclkInit) refers to jpstm32_sysclk.o(i.rccInit) for rccInit
    __main.o(!!!main) refers to rtentry.o(.ARM.Collect$$rtentry$$00000000) for __rt_entry
    d2f.o(x$fpl$d2f) refers (Special) to usenofp.o(x$fpl$usenofp) for __I$use$fp
    d2f.o(x$fpl$d2f) refers to fretinf.o(x$fpl$fretinf) for __fpl_fretinf
    d2f.o(x$fpl$d2f) refers to dnaninf.o(x$fpl$dnaninf) for __fpl_dnaninf
    daddsub_clz.o(x$fpl$dadd) refers (Special) to usenofp.o(x$fpl$usenofp) for __I$use$fp
    daddsub_clz.o(x$fpl$dadd) refers to daddsub_clz.o(x$fpl$dsub) for _dsub1
    daddsub_clz.o(x$fpl$dadd) refers to dretinf.o(x$fpl$dretinf) for __fpl_dretinf
    daddsub_clz.o(x$fpl$dadd) refers to dnaninf.o(x$fpl$dnaninf) for __fpl_dnaninf
    daddsub_clz.o(x$fpl$drsb) refers (Special) to usenofp.o(x$fpl$usenofp) for __I$use$fp
    daddsub_clz.o(x$fpl$drsb) refers to daddsub_clz.o(x$fpl$dadd) for _dadd1
    daddsub_clz.o(x$fpl$drsb) refers to daddsub_clz.o(x$fpl$dsub) for _dsub1
    daddsub_clz.o(x$fpl$dsub) refers (Special) to usenofp.o(x$fpl$usenofp) for __I$use$fp
    daddsub_clz.o(x$fpl$dsub) refers to daddsub_clz.o(x$fpl$dadd) for _dadd1
    daddsub_clz.o(x$fpl$dsub) refers to dnaninf.o(x$fpl$dnaninf) for __fpl_dnaninf
    ddiv.o(x$fpl$drdiv) refers (Special) to usenofp.o(x$fpl$usenofp) for __I$use$fp
    ddiv.o(x$fpl$drdiv) refers to ddiv.o(x$fpl$ddiv) for ddiv_entry
    ddiv.o(x$fpl$ddiv) refers (Special) to usenofp.o(x$fpl$usenofp) for __I$use$fp
    ddiv.o(x$fpl$ddiv) refers to dretinf.o(x$fpl$dretinf) for __fpl_dretinf
    ddiv.o(x$fpl$ddiv) refers to dnaninf.o(x$fpl$dnaninf) for __fpl_dnaninf
    dflt_clz.o(x$fpl$dfltu) refers (Special) to usenofp.o(x$fpl$usenofp) for __I$use$fp
    dflt_clz.o(x$fpl$dflt) refers (Special) to usenofp.o(x$fpl$usenofp) for __I$use$fp
    dflt_clz.o(x$fpl$dfltn) refers (Special) to usenofp.o(x$fpl$usenofp) for __I$use$fp
    dmul.o(x$fpl$dmul) refers (Special) to usenofp.o(x$fpl$usenofp) for __I$use$fp
    dmul.o(x$fpl$dmul) refers to dretinf.o(x$fpl$dretinf) for __fpl_dretinf
    dmul.o(x$fpl$dmul) refers to dnaninf.o(x$fpl$dnaninf) for __fpl_dnaninf
    f2d.o(x$fpl$f2d) refers (Special) to usenofp.o(x$fpl$usenofp) for __I$use$fp
    f2d.o(x$fpl$f2d) refers to fnaninf.o(x$fpl$fnaninf) for __fpl_fnaninf
    f2d.o(x$fpl$f2d) refers to dretinf.o(x$fpl$dretinf) for __fpl_dretinf
    faddsub_clz.o(x$fpl$fadd) refers (Special) to usenofp.o(x$fpl$usenofp) for __I$use$fp
    faddsub_clz.o(x$fpl$fadd) refers to faddsub_clz.o(x$fpl$fsub) for _fsub1
    faddsub_clz.o(x$fpl$fadd) refers to fretinf.o(x$fpl$fretinf) for __fpl_fretinf
    faddsub_clz.o(x$fpl$fadd) refers to fnaninf.o(x$fpl$fnaninf) for __fpl_fnaninf
    faddsub_clz.o(x$fpl$frsb) refers (Special) to usenofp.o(x$fpl$usenofp) for __I$use$fp
    faddsub_clz.o(x$fpl$frsb) refers to faddsub_clz.o(x$fpl$fadd) for _fadd1
    faddsub_clz.o(x$fpl$frsb) refers to faddsub_clz.o(x$fpl$fsub) for _fsub1
    faddsub_clz.o(x$fpl$fsub) refers (Special) to usenofp.o(x$fpl$usenofp) for __I$use$fp
    faddsub_clz.o(x$fpl$fsub) refers to faddsub_clz.o(x$fpl$fadd) for _fadd1
    faddsub_clz.o(x$fpl$fsub) refers to fnaninf.o(x$fpl$fnaninf) for __fpl_fnaninf
    fdiv.o(x$fpl$frdiv) refers (Special) to usenofp.o(x$fpl$usenofp) for __I$use$fp
    fdiv.o(x$fpl$frdiv) refers to fdiv.o(x$fpl$fdiv) for _fdiv1
    fdiv.o(x$fpl$fdiv) refers (Special) to usenofp.o(x$fpl$usenofp) for __I$use$fp
    fdiv.o(x$fpl$fdiv) refers to fretinf.o(x$fpl$fretinf) for __fpl_fretinf
    fdiv.o(x$fpl$fdiv) refers to fnaninf.o(x$fpl$fnaninf) for __fpl_fnaninf
    ffixu.o(x$fpl$ffixu) refers (Special) to usenofp.o(x$fpl$usenofp) for __I$use$fp
    ffixu.o(x$fpl$ffixu) refers to fnaninf.o(x$fpl$fnaninf) for __fpl_fnaninf
    ffixu.o(x$fpl$ffixur) refers (Special) to usenofp.o(x$fpl$usenofp) for __I$use$fp
    ffixu.o(x$fpl$ffixur) refers to fnaninf.o(x$fpl$fnaninf) for __fpl_fnaninf
    fflt_clz.o(x$fpl$ffltu) refers (Special) to usenofp.o(x$fpl$usenofp) for __I$use$fp
    fflt_clz.o(x$fpl$fflt) refers (Special) to usenofp.o(x$fpl$usenofp) for __I$use$fp
    fflt_clz.o(x$fpl$ffltn) refers (Special) to usenofp.o(x$fpl$usenofp) for __I$use$fp
    fmul.o(x$fpl$fmul) refers (Special) to usenofp.o(x$fpl$usenofp) for __I$use$fp
    fmul.o(x$fpl$fmul) refers to fretinf.o(x$fpl$fretinf) for __fpl_fretinf
    fmul.o(x$fpl$fmul) refers to fnaninf.o(x$fpl$fnaninf) for __fpl_fnaninf
    rtentry.o(.ARM.Collect$$rtentry$$00000000) refers (Special) to rtentry2.o(.ARM.Collect$$rtentry$$0000000A) for __rt_entry_li
    rtentry.o(.ARM.Collect$$rtentry$$00000000) refers (Special) to rtentry2.o(.ARM.Collect$$rtentry$$0000000D) for __rt_entry_main
    rtentry.o(.ARM.Collect$$rtentry$$00000000) refers (Special) to rtentry2.o(.ARM.Collect$$rtentry$$0000000C) for __rt_entry_postli_1
    rtentry.o(.ARM.Collect$$rtentry$$00000000) refers (Special) to rtentry2.o(.ARM.Collect$$rtentry$$00000009) for __rt_entry_postsh_1
    rtentry.o(.ARM.Collect$$rtentry$$00000000) refers (Special) to rtentry2.o(.ARM.Collect$$rtentry$$00000002) for __rt_entry_presh_1
    rtentry.o(.ARM.Collect$$rtentry$$00000000) refers (Special) to rtentry4.o(.ARM.Collect$$rtentry$$00000004) for __rt_entry_sh
    dnaninf.o(x$fpl$dnaninf) refers (Special) to usenofp.o(x$fpl$usenofp) for __I$use$fp
    dretinf.o(x$fpl$dretinf) refers (Special) to usenofp.o(x$fpl$usenofp) for __I$use$fp
    fnaninf.o(x$fpl$fnaninf) refers (Special) to usenofp.o(x$fpl$usenofp) for __I$use$fp
    fretinf.o(x$fpl$fretinf) refers (Special) to usenofp.o(x$fpl$usenofp) for __I$use$fp
    rtentry2.o(.ARM.Collect$$rtentry$$00000008) refers to boardinit2.o(.text) for _platform_post_stackheap_init
    rtentry2.o(.ARM.Collect$$rtentry$$0000000A) refers to libinit.o(.ARM.Collect$$libinit$$00000000) for __rt_lib_init
    rtentry2.o(.ARM.Collect$$rtentry$$0000000B) refers to boardinit3.o(.text) for _platform_post_lib_init
    rtentry2.o(.ARM.Collect$$rtentry$$0000000D) refers to main.o(i.main) for main
    rtentry2.o(.ARM.Collect$$rtentry$$0000000D) refers to exit.o(.text) for exit
    rtentry2.o(.ARM.exidx) refers to rtentry2.o(.ARM.Collect$$rtentry$$00000001) for .ARM.Collect$$rtentry$$00000001
    rtentry2.o(.ARM.exidx) refers to rtentry2.o(.ARM.Collect$$rtentry$$00000008) for .ARM.Collect$$rtentry$$00000008
    rtentry2.o(.ARM.exidx) refers to rtentry2.o(.ARM.Collect$$rtentry$$0000000A) for .ARM.Collect$$rtentry$$0000000A
    rtentry2.o(.ARM.exidx) refers to rtentry2.o(.ARM.Collect$$rtentry$$0000000B) for .ARM.Collect$$rtentry$$0000000B
    rtentry2.o(.ARM.exidx) refers to rtentry2.o(.ARM.Collect$$rtentry$$0000000D) for .ARM.Collect$$rtentry$$0000000D
    rtentry4.o(.ARM.Collect$$rtentry$$00000004) refers to sys_stackheap_outer.o(.text) for __user_setup_stackheap
    rtentry4.o(.ARM.exidx) refers to rtentry4.o(.ARM.Collect$$rtentry$$00000004) for .ARM.Collect$$rtentry$$00000004
    sys_stackheap_outer.o(.text) refers to libspace.o(.text) for __user_perproc_libspace
    sys_stackheap_outer.o(.text) refers to startup_stm32f10x_md.o(.text) for __user_initial_stackheap
    exit.o(.text) refers to rtexit.o(.ARM.Collect$$rtexit$$00000000) for __rt_exit
    libinit.o(.ARM.Collect$$libinit$$00000000) refers (Special) to libinit2.o(.ARM.Collect$$libinit$$0000002C) for __rt_lib_init_alloca_1
    libinit.o(.ARM.Collect$$libinit$$00000000) refers (Special) to libinit2.o(.ARM.Collect$$libinit$$0000002A) for __rt_lib_init_argv_1
    libinit.o(.ARM.Collect$$libinit$$00000000) refers (Special) to libinit2.o(.ARM.Collect$$libinit$$00000019) for __rt_lib_init_atexit_1
    libinit.o(.ARM.Collect$$libinit$$00000000) refers (Special) to libinit2.o(.ARM.Collect$$libinit$$0000001F) for __rt_lib_init_clock_1
    libinit.o(.ARM.Collect$$libinit$$00000000) refers (Special) to libinit2.o(.ARM.Collect$$libinit$$00000030) for __rt_lib_init_cpp_1
    libinit.o(.ARM.Collect$$libinit$$00000000) refers (Special) to libinit2.o(.ARM.Collect$$libinit$$0000002E) for __rt_lib_init_exceptions_1
    libinit.o(.ARM.Collect$$libinit$$00000000) refers (Special) to libinit2.o(.ARM.Collect$$libinit$$00000002) for __rt_lib_init_fp_1
    libinit.o(.ARM.Collect$$libinit$$00000000) refers (Special) to libinit2.o(.ARM.Collect$$libinit$$0000001D) for __rt_lib_init_fp_trap_1
    libinit.o(.ARM.Collect$$libinit$$00000000) refers (Special) to libinit2.o(.ARM.Collect$$libinit$$00000021) for __rt_lib_init_getenv_1
    libinit.o(.ARM.Collect$$libinit$$00000000) refers (Special) to libinit2.o(.ARM.Collect$$libinit$$00000008) for __rt_lib_init_heap_1
    libinit.o(.ARM.Collect$$libinit$$00000000) refers (Special) to libinit2.o(.ARM.Collect$$libinit$$0000000F) for __rt_lib_init_lc_collate_1
    libinit.o(.ARM.Collect$$libinit$$00000000) refers (Special) to libinit2.o(.ARM.Collect$$libinit$$00000011) for __rt_lib_init_lc_ctype_1
    libinit.o(.ARM.Collect$$libinit$$00000000) refers (Special) to libinit2.o(.ARM.Collect$$libinit$$00000013) for __rt_lib_init_lc_monetary_1
    libinit.o(.ARM.Collect$$libinit$$00000000) refers (Special) to libinit2.o(.ARM.Collect$$libinit$$00000015) for __rt_lib_init_lc_numeric_1
    libinit.o(.ARM.Collect$$libinit$$00000000) refers (Special) to libinit2.o(.ARM.Collect$$libinit$$00000017) for __rt_lib_init_lc_time_1
    libinit.o(.ARM.Collect$$libinit$$00000000) refers (Special) to libinit2.o(.ARM.Collect$$libinit$$0000000C) for __rt_lib_init_rand_1
    libinit.o(.ARM.Collect$$libinit$$00000000) refers (Special) to libinit2.o(.ARM.Collect$$libinit$$00000031) for __rt_lib_init_return
    libinit.o(.ARM.Collect$$libinit$$00000000) refers (Special) to libinit2.o(.ARM.Collect$$libinit$$0000001B) for __rt_lib_init_signal_1
    libinit.o(.ARM.Collect$$libinit$$00000000) refers (Special) to libinit2.o(.ARM.Collect$$libinit$$00000023) for __rt_lib_init_stdio_1
    libinit.o(.ARM.Collect$$libinit$$00000000) refers (Special) to libinit2.o(.ARM.Collect$$libinit$$0000000A) for __rt_lib_init_user_alloc_1
    libspace.o(.text) refers to libspace.o(.bss) for __libspace_start
    rtexit.o(.ARM.Collect$$rtexit$$00000000) refers (Special) to rtexit2.o(.ARM.Collect$$rtexit$$00000004) for __rt_exit_exit
    rtexit.o(.ARM.Collect$$rtexit$$00000000) refers (Special) to rtexit2.o(.ARM.Collect$$rtexit$$00000003) for __rt_exit_ls
    rtexit.o(.ARM.Collect$$rtexit$$00000000) refers (Special) to rtexit2.o(.ARM.Collect$$rtexit$$00000002) for __rt_exit_prels_1
    rtexit.o(.ARM.exidx) refers (Special) to rtexit2.o(.ARM.Collect$$rtexit$$00000004) for __rt_exit_exit
    rtexit.o(.ARM.exidx) refers (Special) to rtexit2.o(.ARM.Collect$$rtexit$$00000003) for __rt_exit_ls
    rtexit.o(.ARM.exidx) refers (Special) to rtexit2.o(.ARM.Collect$$rtexit$$00000002) for __rt_exit_prels_1
    rtexit.o(.ARM.exidx) refers to rtexit.o(.ARM.Collect$$rtexit$$00000000) for .ARM.Collect$$rtexit$$00000000
    libinit2.o(.ARM.Collect$$libinit$$0000000E) refers to libinit2.o(.ARM.Collect$$libinit$$0000000D) for .ARM.Collect$$libinit$$0000000D
    libinit2.o(.ARM.Collect$$libinit$$00000010) refers to libinit2.o(.ARM.Collect$$libinit$$0000000D) for .ARM.Collect$$libinit$$0000000D
    libinit2.o(.ARM.Collect$$libinit$$00000012) refers to libinit2.o(.ARM.Collect$$libinit$$0000000D) for .ARM.Collect$$libinit$$0000000D
    libinit2.o(.ARM.Collect$$libinit$$00000014) refers to libinit2.o(.ARM.Collect$$libinit$$0000000D) for .ARM.Collect$$libinit$$0000000D
    libinit2.o(.ARM.Collect$$libinit$$00000016) refers to libinit2.o(.ARM.Collect$$libinit$$0000000D) for .ARM.Collect$$libinit$$0000000D
    libinit2.o(.ARM.Collect$$libinit$$00000024) refers to argv_veneer.o(.emb_text) for __ARM_argv_veneer
    libinit2.o(.ARM.Collect$$libinit$$00000025) refers to argv_veneer.o(.emb_text) for __ARM_argv_veneer
    rtexit2.o(.ARM.Collect$$rtexit$$00000003) refers to libshutdown.o(.ARM.Collect$$libshutdown$$00000000) for __rt_lib_shutdown
    rtexit2.o(.ARM.Collect$$rtexit$$00000004) refers to sys_exit.o(.text) for _sys_exit
    rtexit2.o(.ARM.exidx) refers to rtexit2.o(.ARM.Collect$$rtexit$$00000001) for .ARM.Collect$$rtexit$$00000001
    rtexit2.o(.ARM.exidx) refers to rtexit2.o(.ARM.Collect$$rtexit$$00000003) for .ARM.Collect$$rtexit$$00000003
    rtexit2.o(.ARM.exidx) refers to rtexit2.o(.ARM.Collect$$rtexit$$00000004) for .ARM.Collect$$rtexit$$00000004
    argv_veneer.o(.emb_text) refers to no_argv.o(.text) for __ARM_get_argv
    sys_exit.o(.text) refers (Special) to use_no_semi.o(.text) for __I$use$semihosting
    sys_exit.o(.text) refers (Special) to indicate_semi.o(.text) for __semihosting_library_function
    _get_argv_nomalloc.o(.text) refers (Special) to hrguard.o(.text) for __heap_region$guard
    _get_argv_nomalloc.o(.text) refers to defsig_rtmem_outer.o(.text) for __rt_SIGRTMEM
    _get_argv_nomalloc.o(.text) refers to sys_command.o(.text) for _sys_command_string
    libshutdown.o(.ARM.Collect$$libshutdown$$00000000) refers (Special) to libshutdown2.o(.ARM.Collect$$libshutdown$$00000006) for __rt_lib_shutdown_fp_trap_1
    libshutdown.o(.ARM.Collect$$libshutdown$$00000000) refers (Special) to libshutdown2.o(.ARM.Collect$$libshutdown$$0000000E) for __rt_lib_shutdown_heap_1
    libshutdown.o(.ARM.Collect$$libshutdown$$00000000) refers (Special) to libshutdown2.o(.ARM.Collect$$libshutdown$$0000000F) for __rt_lib_shutdown_return
    libshutdown.o(.ARM.Collect$$libshutdown$$00000000) refers (Special) to libshutdown2.o(.ARM.Collect$$libshutdown$$00000009) for __rt_lib_shutdown_signal_1
    libshutdown.o(.ARM.Collect$$libshutdown$$00000000) refers (Special) to libshutdown2.o(.ARM.Collect$$libshutdown$$00000003) for __rt_lib_shutdown_stdio_1
    libshutdown.o(.ARM.Collect$$libshutdown$$00000000) refers (Special) to libshutdown2.o(.ARM.Collect$$libshutdown$$0000000B) for __rt_lib_shutdown_user_alloc_1
    sys_command.o(.text) refers (Special) to use_no_semi.o(.text) for __I$use$semihosting
    sys_command.o(.text) refers (Special) to indicate_semi.o(.text) for __semihosting_library_function
    defsig_rtmem_outer.o(.text) refers to defsig_rtmem_inner.o(.text) for __rt_SIGRTMEM_inner
    defsig_rtmem_outer.o(.text) refers to defsig_exit.o(.text) for __sig_exit
    defsig_rtmem_formal.o(.text) refers to rt_raise.o(.text) for __rt_raise
    rt_raise.o(.text) refers to __raise.o(.text) for __raise
    rt_raise.o(.text) refers to sys_exit.o(.text) for _sys_exit
    defsig_exit.o(.text) refers to sys_exit.o(.text) for _sys_exit
    defsig_rtmem_inner.o(.text) refers to defsig_general.o(.text) for __default_signal_display
    __raise.o(.text) refers to defsig.o(CL$$defsig) for __default_signal_handler
    defsig_general.o(.text) refers to sys_wrch.o(.text) for _ttywrch
    sys_wrch.o(.text) refers (Special) to use_no_semi.o(.text) for __I$use$semihosting
    sys_wrch.o(.text) refers (Special) to indicate_semi.o(.text) for __semihosting_library_function
    defsig.o(CL$$defsig) refers to defsig_rtmem_inner.o(.text) for __rt_SIGRTMEM_inner
    defsig_abrt_inner.o(.text) refers to defsig_general.o(.text) for __default_signal_display
    defsig_fpe_inner.o(.text) refers to defsig_general.o(.text) for __default_signal_display
    defsig_rtred_inner.o(.text) refers to defsig_general.o(.text) for __default_signal_display
    defsig_stak_inner.o(.text) refers to defsig_general.o(.text) for __default_signal_display
    defsig_pvfn_inner.o(.text) refers to defsig_general.o(.text) for __default_signal_display
    defsig_cppl_inner.o(.text) refers to defsig_general.o(.text) for __default_signal_display
    defsig_segv_inner.o(.text) refers to defsig_general.o(.text) for __default_signal_display
    defsig_other.o(.text) refers to defsig_general.o(.text) for __default_signal_display


==============================================================================

Removing Unused input sections from the image.

    Removing main.o(.data), (25 bytes).
    Removing delay.o(i._delay_init), (64 bytes).
    Removing delay.o(i._delay_ms), (60 bytes).
    Removing delay.o(i._delay_us), (60 bytes).
    Removing delay.o(.data), (4 bytes).
    Removing sys.o(.emb_text), (12 bytes).
    Removing sys.o(i.Ex_NVIC_Config), (160 bytes).
    Removing sys.o(i.Sys_Soft_Reset), (16 bytes).
    Removing sys.o(i.Sys_Standby), (76 bytes).
    Removing rgb_led.o(i.RGB_LED_Init), (68 bytes).
    Removing a4988.o(i.A4988_Init), (148 bytes).
    Removing a4988.o(i.Motor_Control), (104 bytes).
    Removing a4988.o(i.TIM4_TIM3_Init), (336 bytes).
    Removing ws2812b.o(i.WS2812B_Clear), (40 bytes).
    Removing ws2812b.o(i.WS2812B_EN), (36 bytes).
    Removing ws2812b.o(i.WS2812B_Init), (288 bytes).
    Removing ws2812b.o(i.WS2812B_Pixel_EN), (112 bytes).
    Removing ws2812b.o(.bss), (3274 bytes).
    Removing debug_usart.o(i.put_c), (32 bytes).
    Removing debug_usart.o(i.usart_init), (360 bytes).
    Removing debug_usart.o(i.usart_read), (172 bytes).
    Removing debug_usart.o(.bss), (2054 bytes).
    Removing co2.o(i.CO2_Init), (14 bytes).
    Removing co2.o(i.CO2_Measure), (52 bytes).
    Removing co2.o(.data), (7 bytes).
    Removing usart3.o(i.Usart3_send), (32 bytes).
    Removing usart3.o(i.usart3_init), (332 bytes).
    Removing usart3.o(.bss), (15 bytes).
    Removing myiic.o(i.IIC_Ack), (80 bytes).
    Removing myiic.o(i.IIC_Init), (64 bytes).
    Removing myiic.o(i.IIC_NAck), (80 bytes).
    Removing myiic.o(i.IIC_Read_Byte), (112 bytes).
    Removing myiic.o(i.IIC_Send_Byte), (104 bytes).
    Removing myiic.o(i.IIC_Start), (76 bytes).
    Removing myiic.o(i.IIC_Stop), (80 bytes).
    Removing myiic.o(i.IIC_Wait_Ack), (96 bytes).
    Removing myiic.o(i.Sing_Read_NR), (86 bytes).
    Removing myiic.o(i.Sing_Write_ND), (54 bytes).
    Removing myiic.o(i.Single_Read), (72 bytes).
    Removing myiic.o(i.Single_Read_Len), (112 bytes).
    Removing myiic.o(i.Single_Write), (76 bytes).
    Removing sht20.o(i.SHT20_Measure), (216 bytes).
    Removing sht20.o(i.SHT20_Original_HUM), (60 bytes).
    Removing sht20.o(i.SHT20_Original_TEMP), (60 bytes).
    Removing bh1750.o(i.BH1750_Init), (44 bytes).
    Removing bh1750.o(i.BH1750_Measure), (84 bytes).
    Removing bh1750.o(i.BH1750_Original_Measure), (50 bytes).
    Removing bh1750.o(i.BH1750_Start), (44 bytes).
    Removing zigbee_usart.o(i.zigbee_send), (44 bytes).
    Removing veml6070.o(i.VEML6070_Measure), (86 bytes).
    Removing veml6070.o(i.VEML6070_Set), (54 bytes).
    Removing jpstm32_gpio.o(i.gpioConfig), (184 bytes).
    Removing jpstm32_nvic.o(i.nvicClearEnable), (352 bytes).
    Removing jpstm32_nvic.o(i.nvicClearPending), (336 bytes).
    Removing jpstm32_nvic.o(i.nvicGetActive), (308 bytes).
    Removing jpstm32_nvic.o(i.nvicGetPriority), (4 bytes).
    Removing jpstm32_nvic.o(i.nvicRegister), (42 bytes).
    Removing jpstm32_nvic.o(i.nvicSetEnable), (398 bytes).
    Removing jpstm32_nvic.o(i.nvicSetGroup), (64 bytes).
    Removing jpstm32_nvic.o(i.nvicSetPending), (340 bytes).
    Removing jpstm32_nvic.o(i.nvicSetPriority), (184 bytes).
    Removing jpstm32_nvic.o(i.nvicSetVector), (20 bytes).
    Removing jpstm32_sysclk.o(i.delayUs), (60 bytes).
    Removing jpstm32_sysclk.o(i.rccInit), (104 bytes).
    Removing jpstm32_sysclk.o(i.sysclkInit), (124 bytes).

65 unused section(s) (total 12307 bytes) removed from the image.

==============================================================================

Image Symbol Table

    Local Symbols

    Symbol Name                              Value     Ov Type        Size  Object(Section)

    ../clib/angel/boardlib.s                 0x00000000   Number         0  boardinit3.o ABSOLUTE
    ../clib/angel/boardlib.s                 0x00000000   Number         0  boardinit2.o ABSOLUTE
    ../clib/angel/boardlib.s                 0x00000000   Number         0  boardshut.o ABSOLUTE
    ../clib/angel/boardlib.s                 0x00000000   Number         0  boardinit1.o ABSOLUTE
    ../clib/angel/handlers.s                 0x00000000   Number         0  __scatter_zi.o ABSOLUTE
    ../clib/angel/handlers.s                 0x00000000   Number         0  __scatter_copy.o ABSOLUTE
    ../clib/angel/kernel.s                   0x00000000   Number         0  rtentry.o ABSOLUTE
    ../clib/angel/kernel.s                   0x00000000   Number         0  rtexit.o ABSOLUTE
    ../clib/angel/kernel.s                   0x00000000   Number         0  rtexit2.o ABSOLUTE
    ../clib/angel/kernel.s                   0x00000000   Number         0  rtentry2.o ABSOLUTE
    ../clib/angel/kernel.s                   0x00000000   Number         0  rtentry4.o ABSOLUTE
    ../clib/angel/rt.s                       0x00000000   Number         0  rt_raise.o ABSOLUTE
    ../clib/angel/scatter.s                  0x00000000   Number         0  __scatter.o ABSOLUTE
    ../clib/angel/startup.s                  0x00000000   Number         0  __main.o ABSOLUTE
    ../clib/angel/sys.s                      0x00000000   Number         0  libspace.o ABSOLUTE
    ../clib/angel/sys.s                      0x00000000   Number         0  indicate_semi.o ABSOLUTE
    ../clib/angel/sys.s                      0x00000000   Number         0  use_no_semi.o ABSOLUTE
    ../clib/angel/sys.s                      0x00000000   Number         0  sys_stackheap_outer.o ABSOLUTE
    ../clib/angel/sysapp.c                   0x00000000   Number         0  sys_exit.o ABSOLUTE
    ../clib/angel/sysapp.c                   0x00000000   Number         0  sys_command.o ABSOLUTE
    ../clib/angel/sysapp.c                   0x00000000   Number         0  sys_wrch.o ABSOLUTE
    ../clib/armsys.c                         0x00000000   Number         0  argv_veneer.o ABSOLUTE
    ../clib/armsys.c                         0x00000000   Number         0  _get_argv_nomalloc.o ABSOLUTE
    ../clib/armsys.c                         0x00000000   Number         0  no_argv.o ABSOLUTE
    ../clib/armsys.c                         0x00000000   Number         0  argv_veneer.o ABSOLUTE
    ../clib/heapalloc.c                      0x00000000   Number         0  hrguard.o ABSOLUTE
    ../clib/heapaux.c                        0x00000000   Number         0  heapauxi.o ABSOLUTE
    ../clib/libinit.s                        0x00000000   Number         0  libinit2.o ABSOLUTE
    ../clib/libinit.s                        0x00000000   Number         0  libinit.o ABSOLUTE
    ../clib/libinit.s                        0x00000000   Number         0  libshutdown2.o ABSOLUTE
    ../clib/libinit.s                        0x00000000   Number         0  libshutdown.o ABSOLUTE
    ../clib/signal.c                         0x00000000   Number         0  defsig_abrt_inner.o ABSOLUTE
    ../clib/signal.c                         0x00000000   Number         0  defsig_exit.o ABSOLUTE
    ../clib/signal.c                         0x00000000   Number         0  defsig_rtmem_inner.o ABSOLUTE
    ../clib/signal.c                         0x00000000   Number         0  defsig_general.o ABSOLUTE
    ../clib/signal.c                         0x00000000   Number         0  defsig_other.o ABSOLUTE
    ../clib/signal.c                         0x00000000   Number         0  __raise.o ABSOLUTE
    ../clib/signal.c                         0x00000000   Number         0  defsig_segv_inner.o ABSOLUTE
    ../clib/signal.c                         0x00000000   Number         0  defsig_rtmem_formal.o ABSOLUTE
    ../clib/signal.c                         0x00000000   Number         0  defsig_rtmem_outer.o ABSOLUTE
    ../clib/signal.c                         0x00000000   Number         0  defsig_cppl_inner.o ABSOLUTE
    ../clib/signal.c                         0x00000000   Number         0  defsig_pvfn_inner.o ABSOLUTE
    ../clib/signal.c                         0x00000000   Number         0  defsig_stak_inner.o ABSOLUTE
    ../clib/signal.c                         0x00000000   Number         0  defsig_rtred_inner.o ABSOLUTE
    ../clib/signal.c                         0x00000000   Number         0  defsig_fpe_inner.o ABSOLUTE
    ../clib/signal.s                         0x00000000   Number         0  defsig.o ABSOLUTE
    ../clib/stdlib.c                         0x00000000   Number         0  exit.o ABSOLUTE
    ../fplib/d2f.s                           0x00000000   Number         0  d2f.o ABSOLUTE
    ../fplib/daddsub.s                       0x00000000   Number         0  daddsub_clz.o ABSOLUTE
    ../fplib/ddiv.s                          0x00000000   Number         0  ddiv.o ABSOLUTE
    ../fplib/dflt.s                          0x00000000   Number         0  dflt_clz.o ABSOLUTE
    ../fplib/dmul.s                          0x00000000   Number         0  dmul.o ABSOLUTE
    ../fplib/dnaninf.s                       0x00000000   Number         0  dnaninf.o ABSOLUTE
    ../fplib/dretinf.s                       0x00000000   Number         0  dretinf.o ABSOLUTE
    ../fplib/f2d.s                           0x00000000   Number         0  f2d.o ABSOLUTE
    ../fplib/faddsub.s                       0x00000000   Number         0  faddsub_clz.o ABSOLUTE
    ../fplib/fdiv.s                          0x00000000   Number         0  fdiv.o ABSOLUTE
    ../fplib/ffixu.s                         0x00000000   Number         0  ffixu.o ABSOLUTE
    ../fplib/fflt.s                          0x00000000   Number         0  fflt_clz.o ABSOLUTE
    ../fplib/fmul.s                          0x00000000   Number         0  fmul.o ABSOLUTE
    ../fplib/fnaninf.s                       0x00000000   Number         0  fnaninf.o ABSOLUTE
    ../fplib/fpinit.s                        0x00000000   Number         0  fpinit.o ABSOLUTE
    ../fplib/fretinf.s                       0x00000000   Number         0  fretinf.o ABSOLUTE
    ../fplib/usenofp.s                       0x00000000   Number         0  usenofp.o ABSOLUTE
    app\main.c                               0x00000000   Number         0  main.o ABSOLUTE
    boot\startup_stm32f10x_md.s              0x00000000   Number         0  startup_stm32f10x_md.o ABSOLUTE
    dc.s                                     0x00000000   Number         0  dc.o ABSOLUTE
    devices\Tim.c                            0x00000000   Number         0  tim.o ABSOLUTE
    devices\\sys.c                           0x00000000   Number         0  sys.o ABSOLUTE
    devices\delay.c                          0x00000000   Number         0  delay.o ABSOLUTE
    devices\sys.c                            0x00000000   Number         0  sys.o ABSOLUTE
    hardware\A4988\A4988.c                   0x00000000   Number         0  a4988.o ABSOLUTE
    hardware\BH1750\BH1750.c                 0x00000000   Number         0  bh1750.o ABSOLUTE
    hardware\CO2\CO2.c                       0x00000000   Number         0  co2.o ABSOLUTE
    hardware\RGB_LED\rgb_led.c               0x00000000   Number         0  rgb_led.o ABSOLUTE
    hardware\SHT20\SHT20.c                   0x00000000   Number         0  sht20.o ABSOLUTE
    hardware\TP4115\TP4115.c                 0x00000000   Number         0  tp4115.o ABSOLUTE
    hardware\USART3\usart3.c                 0x00000000   Number         0  usart3.o ABSOLUTE
    hardware\VEML6070\veml6070.c             0x00000000   Number         0  veml6070.o ABSOLUTE
    hardware\WS2812B\WS2812B.c               0x00000000   Number         0  ws2812b.o ABSOLUTE
    hardware\debug-usart\Debug_usart.c       0x00000000   Number         0  debug_usart.o ABSOLUTE
    hardware\myiic\myiic.c                   0x00000000   Number         0  myiic.o ABSOLUTE
    hardware\zigbee_usart\ZigBee_usart.c     0x00000000   Number         0  zigbee_usart.o ABSOLUTE
    system\jpstm32_exti.c                    0x00000000   Number         0  jpstm32_exti.o ABSOLUTE
    system\jpstm32_gpio.c                    0x00000000   Number         0  jpstm32_gpio.o ABSOLUTE
    system\jpstm32_nvic.c                    0x00000000   Number         0  jpstm32_nvic.o ABSOLUTE
    system\jpstm32_sysclk.c                  0x00000000   Number         0  jpstm32_sysclk.o ABSOLUTE
    RESET                                    0x08000000   Section      236  startup_stm32f10x_md.o(RESET)
    !!!main                                  0x080000ec   Section        8  __main.o(!!!main)
    !!!scatter                               0x080000f4   Section       52  __scatter.o(!!!scatter)
    !!handler_copy                           0x08000128   Section       26  __scatter_copy.o(!!handler_copy)
    !!handler_zi                             0x08000144   Section       28  __scatter_zi.o(!!handler_zi)
    .ARM.Collect$$libinit$$00000000          0x08000160   Section        2  libinit.o(.ARM.Collect$$libinit$$00000000)
    .ARM.Collect$$libinit$$00000002          0x08000162   Section        0  libinit2.o(.ARM.Collect$$libinit$$00000002)
    .ARM.Collect$$libinit$$00000008          0x08000162   Section        0  libinit2.o(.ARM.Collect$$libinit$$00000008)
    .ARM.Collect$$libinit$$0000000A          0x08000162   Section        0  libinit2.o(.ARM.Collect$$libinit$$0000000A)
    .ARM.Collect$$libinit$$0000000C          0x08000162   Section        0  libinit2.o(.ARM.Collect$$libinit$$0000000C)
    .ARM.Collect$$libinit$$0000000F          0x08000162   Section        0  libinit2.o(.ARM.Collect$$libinit$$0000000F)
    .ARM.Collect$$libinit$$00000011          0x08000162   Section        0  libinit2.o(.ARM.Collect$$libinit$$00000011)
    .ARM.Collect$$libinit$$00000013          0x08000162   Section        0  libinit2.o(.ARM.Collect$$libinit$$00000013)
    .ARM.Collect$$libinit$$00000015          0x08000162   Section        0  libinit2.o(.ARM.Collect$$libinit$$00000015)
    .ARM.Collect$$libinit$$00000017          0x08000162   Section        0  libinit2.o(.ARM.Collect$$libinit$$00000017)
    .ARM.Collect$$libinit$$00000019          0x08000162   Section        0  libinit2.o(.ARM.Collect$$libinit$$00000019)
    .ARM.Collect$$libinit$$0000001B          0x08000162   Section        0  libinit2.o(.ARM.Collect$$libinit$$0000001B)
    .ARM.Collect$$libinit$$0000001D          0x08000162   Section        0  libinit2.o(.ARM.Collect$$libinit$$0000001D)
    .ARM.Collect$$libinit$$0000001F          0x08000162   Section        0  libinit2.o(.ARM.Collect$$libinit$$0000001F)
    .ARM.Collect$$libinit$$00000021          0x08000162   Section        0  libinit2.o(.ARM.Collect$$libinit$$00000021)
    .ARM.Collect$$libinit$$00000023          0x08000162   Section        0  libinit2.o(.ARM.Collect$$libinit$$00000023)
    .ARM.Collect$$libinit$$0000002A          0x08000162   Section        0  libinit2.o(.ARM.Collect$$libinit$$0000002A)
    .ARM.Collect$$libinit$$0000002C          0x08000162   Section        0  libinit2.o(.ARM.Collect$$libinit$$0000002C)
    .ARM.Collect$$libinit$$0000002E          0x08000162   Section        0  libinit2.o(.ARM.Collect$$libinit$$0000002E)
    .ARM.Collect$$libinit$$00000030          0x08000162   Section        0  libinit2.o(.ARM.Collect$$libinit$$00000030)
    .ARM.Collect$$libinit$$00000031          0x08000162   Section        2  libinit2.o(.ARM.Collect$$libinit$$00000031)
    .ARM.Collect$$libshutdown$$00000000      0x08000164   Section        2  libshutdown.o(.ARM.Collect$$libshutdown$$00000000)
    .ARM.Collect$$libshutdown$$00000003      0x08000166   Section        0  libshutdown2.o(.ARM.Collect$$libshutdown$$00000003)
    .ARM.Collect$$libshutdown$$00000006      0x08000166   Section        0  libshutdown2.o(.ARM.Collect$$libshutdown$$00000006)
    .ARM.Collect$$libshutdown$$00000009      0x08000166   Section        0  libshutdown2.o(.ARM.Collect$$libshutdown$$00000009)
    .ARM.Collect$$libshutdown$$0000000B      0x08000166   Section        0  libshutdown2.o(.ARM.Collect$$libshutdown$$0000000B)
    .ARM.Collect$$libshutdown$$0000000E      0x08000166   Section        0  libshutdown2.o(.ARM.Collect$$libshutdown$$0000000E)
    .ARM.Collect$$libshutdown$$0000000F      0x08000166   Section        2  libshutdown2.o(.ARM.Collect$$libshutdown$$0000000F)
    .ARM.Collect$$rtentry$$00000000          0x08000168   Section        0  rtentry.o(.ARM.Collect$$rtentry$$00000000)
    .ARM.Collect$$rtentry$$00000002          0x08000168   Section        0  rtentry2.o(.ARM.Collect$$rtentry$$00000002)
    .ARM.Collect$$rtentry$$00000004          0x08000168   Section        6  rtentry4.o(.ARM.Collect$$rtentry$$00000004)
    .ARM.Collect$$rtentry$$00000009          0x0800016e   Section        0  rtentry2.o(.ARM.Collect$$rtentry$$00000009)
    .ARM.Collect$$rtentry$$0000000A          0x0800016e   Section        4  rtentry2.o(.ARM.Collect$$rtentry$$0000000A)
    .ARM.Collect$$rtentry$$0000000C          0x08000172   Section        0  rtentry2.o(.ARM.Collect$$rtentry$$0000000C)
    .ARM.Collect$$rtentry$$0000000D          0x08000172   Section        8  rtentry2.o(.ARM.Collect$$rtentry$$0000000D)
    .ARM.Collect$$rtexit$$00000000           0x0800017a   Section        2  rtexit.o(.ARM.Collect$$rtexit$$00000000)
    .ARM.Collect$$rtexit$$00000002           0x0800017c   Section        0  rtexit2.o(.ARM.Collect$$rtexit$$00000002)
    .ARM.Collect$$rtexit$$00000003           0x0800017c   Section        4  rtexit2.o(.ARM.Collect$$rtexit$$00000003)
    .ARM.Collect$$rtexit$$00000004           0x08000180   Section        6  rtexit2.o(.ARM.Collect$$rtexit$$00000004)
    .text                                    0x08000188   Section       56  startup_stm32f10x_md.o(.text)
    .text                                    0x080001c0   Section        0  heapauxi.o(.text)
    .text                                    0x080001c6   Section       74  sys_stackheap_outer.o(.text)
    .text                                    0x08000210   Section        0  exit.o(.text)
    .text                                    0x0800021c   Section        8  libspace.o(.text)
    .text                                    0x08000224   Section        0  sys_exit.o(.text)
    .text                                    0x08000230   Section        2  use_no_semi.o(.text)
    .text                                    0x08000232   Section        0  indicate_semi.o(.text)
    i.DMA1_Channel7_IRQHandler               0x08000234   Section        0  zigbee_usart.o(i.DMA1_Channel7_IRQHandler)
    i.JTAG_Set                               0x08000280   Section        0  sys.o(i.JTAG_Set)
    i.MYRCC_DeInit                           0x080002b0   Section        0  sys.o(i.MYRCC_DeInit)
    i.MY_NVIC_Init                           0x08000318   Section        0  sys.o(i.MY_NVIC_Init)
    i.MY_NVIC_PriorityGroupConfig            0x080003b0   Section        0  sys.o(i.MY_NVIC_PriorityGroupConfig)
    i.MY_NVIC_SetVectorTable                 0x080003d8   Section        0  sys.o(i.MY_NVIC_SetVectorTable)
    i.PT4115_Change                          0x080003ec   Section        0  tp4115.o(i.PT4115_Change)
    i.PT4115_Init                            0x0800040c   Section        0  tp4115.o(i.PT4115_Init)
    i.Stm32_Clock_Init                       0x08000424   Section        0  sys.o(i.Stm32_Clock_Init)
    i.TIM3_CH1234_Init                       0x080004b4   Section        0  tim.o(i.TIM3_CH1234_Init)
    i.TIM3_IRQHandler                        0x08000614   Section        0  a4988.o(i.TIM3_IRQHandler)
    i.USART1_IRQHandler                      0x0800063c   Section        0  debug_usart.o(i.USART1_IRQHandler)
    i.USART2_IRQHandler                      0x08000690   Section        0  zigbee_usart.o(i.USART2_IRQHandler)
    i.USART3_IRQHandler                      0x080006e4   Section        0  usart3.o(i.USART3_IRQHandler)
    i.delayInit                              0x08000738   Section        0  jpstm32_sysclk.o(i.delayInit)
    i.delayMs                                0x08000778   Section        0  jpstm32_sysclk.o(i.delayMs)
    i.main                                   0x080007b4   Section        0  main.o(i.main)
    i.zigbee_usart_init                      0x08000804   Section        0  zigbee_usart.o(i.zigbee_usart_init)
    x$fpl$fadd                               0x08000998   Section      196  faddsub_clz.o(x$fpl$fadd)
    _fadd1                                   0x080009a7   Thumb Code     0  faddsub_clz.o(x$fpl$fadd)
    x$fpl$fdiv                               0x08000a5c   Section      388  fdiv.o(x$fpl$fdiv)
    _fdiv1                                   0x08000a5d   Thumb Code     0  fdiv.o(x$fpl$fdiv)
    x$fpl$ffixu                              0x08000be0   Section       62  ffixu.o(x$fpl$ffixu)
    x$fpl$ffltu                              0x08000c20   Section       38  fflt_clz.o(x$fpl$ffltu)
    x$fpl$fmul                               0x08000c48   Section      258  fmul.o(x$fpl$fmul)
    x$fpl$fnaninf                            0x08000d4a   Section      140  fnaninf.o(x$fpl$fnaninf)
    x$fpl$fretinf                            0x08000dd6   Section       10  fretinf.o(x$fpl$fretinf)
    x$fpl$frsb                               0x08000de0   Section       20  faddsub_clz.o(x$fpl$frsb)
    x$fpl$fsub                               0x08000df4   Section      234  faddsub_clz.o(x$fpl$fsub)
    _fsub1                                   0x08000e03   Thumb Code     0  faddsub_clz.o(x$fpl$fsub)
    x$fpl$usenofp                            0x08000ede   Section        0  usenofp.o(x$fpl$usenofp)
    .data                                    0x20000000   Section        6  debug_usart.o(.data)
    .data                                    0x20000006   Section        3  usart3.o(.data)
    .data                                    0x20000009   Section        4  zigbee_usart.o(.data)
    .data                                    0x2000000e   Section        4  jpstm32_sysclk.o(.data)
    fac_us                                   0x2000000e   Data           1  jpstm32_sysclk.o(.data)
    fac_ms                                   0x20000010   Data           2  jpstm32_sysclk.o(.data)
    .bss                                     0x20000014   Section      256  zigbee_usart.o(.bss)
    .bss                                     0x20000114   Section       96  libspace.o(.bss)
    HEAP                                     0x20000178   Section      512  startup_stm32f10x_md.o(HEAP)
    Heap_Mem                                 0x20000178   Data         512  startup_stm32f10x_md.o(HEAP)
    STACK                                    0x20000378   Section     1024  startup_stm32f10x_md.o(STACK)
    Stack_Mem                                0x20000378   Data        1024  startup_stm32f10x_md.o(STACK)
    __initial_sp                             0x20000778   Data           0  startup_stm32f10x_md.o(STACK)

    Global Symbols

    Symbol Name                              Value     Ov Type        Size  Object(Section)

    BuildAttributes$$THM_ISAv4$P$D$K$B$S$PE$A:L22UL41UL21$X:L11$S22US41US21$IEEE1$IW$USESV6$~STKCKD$USESV7$~SHL$OSPACE$ROPI$EBA8$UX$STANDARDLIB$REQ8$PRES8$EABIv2 0x00000000   Number         0  anon$$obj.o ABSOLUTE
    __ARM_use_no_argv                        0x00000000   Number         0  main.o ABSOLUTE
    __ARM_exceptions_init                     - Undefined Weak Reference
    __alloca_initialize                       - Undefined Weak Reference
    __cpp_initialize__aeabi_                  - Undefined Weak Reference
    __cxa_finalize                            - Undefined Weak Reference
    __rt_locale                               - Undefined Weak Reference
    __sigvec_lookup                           - Undefined Weak Reference
    _atexit_init                              - Undefined Weak Reference
    _call_atexit_fns                          - Undefined Weak Reference
    _clock_init                               - Undefined Weak Reference
    _fp_trap_init                             - Undefined Weak Reference
    _fp_trap_shutdown                         - Undefined Weak Reference
    _get_lc_collate                           - Undefined Weak Reference
    _get_lc_ctype                             - Undefined Weak Reference
    _get_lc_monetary                          - Undefined Weak Reference
    _get_lc_numeric                           - Undefined Weak Reference
    _get_lc_time                              - Undefined Weak Reference
    _getenv_init                              - Undefined Weak Reference
    _handle_redirection                       - Undefined Weak Reference
    _init_alloc                               - Undefined Weak Reference
    _init_user_alloc                          - Undefined Weak Reference
    _initio                                   - Undefined Weak Reference
    _rand_init                                - Undefined Weak Reference
    _signal_finish                            - Undefined Weak Reference
    _signal_init                              - Undefined Weak Reference
    _terminate_alloc                          - Undefined Weak Reference
    _terminate_user_alloc                     - Undefined Weak Reference
    _terminateio                              - Undefined Weak Reference
    __Vectors_Size                           0x000000ec   Number         0  startup_stm32f10x_md.o ABSOLUTE
    __Vectors                                0x08000000   Data           4  startup_stm32f10x_md.o(RESET)
    __Vectors_End                            0x080000ec   Data           0  startup_stm32f10x_md.o(RESET)
    __main                                   0x080000ed   Thumb Code     8  __main.o(!!!main)
    __scatterload                            0x080000f5   Thumb Code     0  __scatter.o(!!!scatter)
    __scatterload_rt2                        0x080000f5   Thumb Code    44  __scatter.o(!!!scatter)
    __scatterload_rt2_thumb_only             0x080000f5   Thumb Code     0  __scatter.o(!!!scatter)
    __scatterload_null                       0x08000103   Thumb Code     0  __scatter.o(!!!scatter)
    __scatterload_copy                       0x08000129   Thumb Code    26  __scatter_copy.o(!!handler_copy)
    __scatterload_zeroinit                   0x08000145   Thumb Code    28  __scatter_zi.o(!!handler_zi)
    __rt_lib_init                            0x08000161   Thumb Code     0  libinit.o(.ARM.Collect$$libinit$$00000000)
    __rt_lib_init_alloca_1                   0x08000163   Thumb Code     0  libinit2.o(.ARM.Collect$$libinit$$0000002C)
    __rt_lib_init_argv_1                     0x08000163   Thumb Code     0  libinit2.o(.ARM.Collect$$libinit$$0000002A)
    __rt_lib_init_atexit_1                   0x08000163   Thumb Code     0  libinit2.o(.ARM.Collect$$libinit$$00000019)
    __rt_lib_init_clock_1                    0x08000163   Thumb Code     0  libinit2.o(.ARM.Collect$$libinit$$0000001F)
    __rt_lib_init_cpp_1                      0x08000163   Thumb Code     0  libinit2.o(.ARM.Collect$$libinit$$00000030)
    __rt_lib_init_exceptions_1               0x08000163   Thumb Code     0  libinit2.o(.ARM.Collect$$libinit$$0000002E)
    __rt_lib_init_fp_1                       0x08000163   Thumb Code     0  libinit2.o(.ARM.Collect$$libinit$$00000002)
    __rt_lib_init_fp_trap_1                  0x08000163   Thumb Code     0  libinit2.o(.ARM.Collect$$libinit$$0000001D)
    __rt_lib_init_getenv_1                   0x08000163   Thumb Code     0  libinit2.o(.ARM.Collect$$libinit$$00000021)
    __rt_lib_init_heap_1                     0x08000163   Thumb Code     0  libinit2.o(.ARM.Collect$$libinit$$00000008)
    __rt_lib_init_lc_collate_1               0x08000163   Thumb Code     0  libinit2.o(.ARM.Collect$$libinit$$0000000F)
    __rt_lib_init_lc_ctype_1                 0x08000163   Thumb Code     0  libinit2.o(.ARM.Collect$$libinit$$00000011)
    __rt_lib_init_lc_monetary_1              0x08000163   Thumb Code     0  libinit2.o(.ARM.Collect$$libinit$$00000013)
    __rt_lib_init_lc_numeric_1               0x08000163   Thumb Code     0  libinit2.o(.ARM.Collect$$libinit$$00000015)
    __rt_lib_init_lc_time_1                  0x08000163   Thumb Code     0  libinit2.o(.ARM.Collect$$libinit$$00000017)
    __rt_lib_init_rand_1                     0x08000163   Thumb Code     0  libinit2.o(.ARM.Collect$$libinit$$0000000C)
    __rt_lib_init_return                     0x08000163   Thumb Code     0  libinit2.o(.ARM.Collect$$libinit$$00000031)
    __rt_lib_init_signal_1                   0x08000163   Thumb Code     0  libinit2.o(.ARM.Collect$$libinit$$0000001B)
    __rt_lib_init_stdio_1                    0x08000163   Thumb Code     0  libinit2.o(.ARM.Collect$$libinit$$00000023)
    __rt_lib_init_user_alloc_1               0x08000163   Thumb Code     0  libinit2.o(.ARM.Collect$$libinit$$0000000A)
    __rt_lib_shutdown                        0x08000165   Thumb Code     0  libshutdown.o(.ARM.Collect$$libshutdown$$00000000)
    __rt_lib_shutdown_fp_trap_1              0x08000167   Thumb Code     0  libshutdown2.o(.ARM.Collect$$libshutdown$$00000006)
    __rt_lib_shutdown_heap_1                 0x08000167   Thumb Code     0  libshutdown2.o(.ARM.Collect$$libshutdown$$0000000E)
    __rt_lib_shutdown_return                 0x08000167   Thumb Code     0  libshutdown2.o(.ARM.Collect$$libshutdown$$0000000F)
    __rt_lib_shutdown_signal_1               0x08000167   Thumb Code     0  libshutdown2.o(.ARM.Collect$$libshutdown$$00000009)
    __rt_lib_shutdown_stdio_1                0x08000167   Thumb Code     0  libshutdown2.o(.ARM.Collect$$libshutdown$$00000003)
    __rt_lib_shutdown_user_alloc_1           0x08000167   Thumb Code     0  libshutdown2.o(.ARM.Collect$$libshutdown$$0000000B)
    __rt_entry                               0x08000169   Thumb Code     0  rtentry.o(.ARM.Collect$$rtentry$$00000000)
    __rt_entry_presh_1                       0x08000169   Thumb Code     0  rtentry2.o(.ARM.Collect$$rtentry$$00000002)
    __rt_entry_sh                            0x08000169   Thumb Code     0  rtentry4.o(.ARM.Collect$$rtentry$$00000004)
    __rt_entry_li                            0x0800016f   Thumb Code     0  rtentry2.o(.ARM.Collect$$rtentry$$0000000A)
    __rt_entry_postsh_1                      0x0800016f   Thumb Code     0  rtentry2.o(.ARM.Collect$$rtentry$$00000009)
    __rt_entry_main                          0x08000173   Thumb Code     0  rtentry2.o(.ARM.Collect$$rtentry$$0000000D)
    __rt_entry_postli_1                      0x08000173   Thumb Code     0  rtentry2.o(.ARM.Collect$$rtentry$$0000000C)
    __rt_exit                                0x0800017b   Thumb Code     0  rtexit.o(.ARM.Collect$$rtexit$$00000000)
    __rt_exit_ls                             0x0800017d   Thumb Code     0  rtexit2.o(.ARM.Collect$$rtexit$$00000003)
    __rt_exit_prels_1                        0x0800017d   Thumb Code     0  rtexit2.o(.ARM.Collect$$rtexit$$00000002)
    __rt_exit_exit                           0x08000181   Thumb Code     0  rtexit2.o(.ARM.Collect$$rtexit$$00000004)
    Reset_Handler                            0x08000189   Thumb Code     4  startup_stm32f10x_md.o(.text)
    NMI_Handler                              0x0800018d   Thumb Code     2  startup_stm32f10x_md.o(.text)
    HardFault_Handler                        0x0800018f   Thumb Code     2  startup_stm32f10x_md.o(.text)
    MemManage_Handler                        0x08000191   Thumb Code     2  startup_stm32f10x_md.o(.text)
    BusFault_Handler                         0x08000193   Thumb Code     2  startup_stm32f10x_md.o(.text)
    UsageFault_Handler                       0x08000195   Thumb Code     2  startup_stm32f10x_md.o(.text)
    SVC_Handler                              0x08000197   Thumb Code     2  startup_stm32f10x_md.o(.text)
    DebugMon_Handler                         0x08000199   Thumb Code     2  startup_stm32f10x_md.o(.text)
    PendSV_Handler                           0x0800019b   Thumb Code     2  startup_stm32f10x_md.o(.text)
    SysTick_Handler                          0x0800019d   Thumb Code     2  startup_stm32f10x_md.o(.text)
    ADC1_2_IRQHandler                        0x0800019f   Thumb Code     0  startup_stm32f10x_md.o(.text)
    CAN1_RX1_IRQHandler                      0x0800019f   Thumb Code     0  startup_stm32f10x_md.o(.text)
    CAN1_SCE_IRQHandler                      0x0800019f   Thumb Code     0  startup_stm32f10x_md.o(.text)
    DMA1_Channel1_IRQHandler                 0x0800019f   Thumb Code     0  startup_stm32f10x_md.o(.text)
    DMA1_Channel2_IRQHandler                 0x0800019f   Thumb Code     0  startup_stm32f10x_md.o(.text)
    DMA1_Channel3_IRQHandler                 0x0800019f   Thumb Code     0  startup_stm32f10x_md.o(.text)
    DMA1_Channel4_IRQHandler                 0x0800019f   Thumb Code     0  startup_stm32f10x_md.o(.text)
    DMA1_Channel5_IRQHandler                 0x0800019f   Thumb Code     0  startup_stm32f10x_md.o(.text)
    DMA1_Channel6_IRQHandler                 0x0800019f   Thumb Code     0  startup_stm32f10x_md.o(.text)
    EXTI0_IRQHandler                         0x0800019f   Thumb Code     0  startup_stm32f10x_md.o(.text)
    EXTI15_10_IRQHandler                     0x0800019f   Thumb Code     0  startup_stm32f10x_md.o(.text)
    EXTI1_IRQHandler                         0x0800019f   Thumb Code     0  startup_stm32f10x_md.o(.text)
    EXTI2_IRQHandler                         0x0800019f   Thumb Code     0  startup_stm32f10x_md.o(.text)
    EXTI3_IRQHandler                         0x0800019f   Thumb Code     0  startup_stm32f10x_md.o(.text)
    EXTI4_IRQHandler                         0x0800019f   Thumb Code     0  startup_stm32f10x_md.o(.text)
    EXTI9_5_IRQHandler                       0x0800019f   Thumb Code     0  startup_stm32f10x_md.o(.text)
    FLASH_IRQHandler                         0x0800019f   Thumb Code     0  startup_stm32f10x_md.o(.text)
    I2C1_ER_IRQHandler                       0x0800019f   Thumb Code     0  startup_stm32f10x_md.o(.text)
    I2C1_EV_IRQHandler                       0x0800019f   Thumb Code     0  startup_stm32f10x_md.o(.text)
    I2C2_ER_IRQHandler                       0x0800019f   Thumb Code     0  startup_stm32f10x_md.o(.text)
    I2C2_EV_IRQHandler                       0x0800019f   Thumb Code     0  startup_stm32f10x_md.o(.text)
    PVD_IRQHandler                           0x0800019f   Thumb Code     0  startup_stm32f10x_md.o(.text)
    RCC_IRQHandler                           0x0800019f   Thumb Code     0  startup_stm32f10x_md.o(.text)
    RTCAlarm_IRQHandler                      0x0800019f   Thumb Code     0  startup_stm32f10x_md.o(.text)
    RTC_IRQHandler                           0x0800019f   Thumb Code     0  startup_stm32f10x_md.o(.text)
    SPI1_IRQHandler                          0x0800019f   Thumb Code     0  startup_stm32f10x_md.o(.text)
    SPI2_IRQHandler                          0x0800019f   Thumb Code     0  startup_stm32f10x_md.o(.text)
    TAMPER_IRQHandler                        0x0800019f   Thumb Code     0  startup_stm32f10x_md.o(.text)
    TIM1_BRK_IRQHandler                      0x0800019f   Thumb Code     0  startup_stm32f10x_md.o(.text)
    TIM1_CC_IRQHandler                       0x0800019f   Thumb Code     0  startup_stm32f10x_md.o(.text)
    TIM1_TRG_COM_IRQHandler                  0x0800019f   Thumb Code     0  startup_stm32f10x_md.o(.text)
    TIM1_UP_IRQHandler                       0x0800019f   Thumb Code     0  startup_stm32f10x_md.o(.text)
    TIM2_IRQHandler                          0x0800019f   Thumb Code     0  startup_stm32f10x_md.o(.text)
    TIM4_IRQHandler                          0x0800019f   Thumb Code     0  startup_stm32f10x_md.o(.text)
    USBWakeUp_IRQHandler                     0x0800019f   Thumb Code     0  startup_stm32f10x_md.o(.text)
    USB_HP_CAN1_TX_IRQHandler                0x0800019f   Thumb Code     0  startup_stm32f10x_md.o(.text)
    USB_LP_CAN1_RX0_IRQHandler               0x0800019f   Thumb Code     0  startup_stm32f10x_md.o(.text)
    WWDG_IRQHandler                          0x0800019f   Thumb Code     0  startup_stm32f10x_md.o(.text)
    __user_initial_stackheap                 0x080001a1   Thumb Code     0  startup_stm32f10x_md.o(.text)
    __use_two_region_memory                  0x080001c1   Thumb Code     2  heapauxi.o(.text)
    __rt_heap_escrow$2region                 0x080001c3   Thumb Code     2  heapauxi.o(.text)
    __rt_heap_expand$2region                 0x080001c5   Thumb Code     2  heapauxi.o(.text)
    __user_setup_stackheap                   0x080001c7   Thumb Code    74  sys_stackheap_outer.o(.text)
    exit                                     0x08000211   Thumb Code    12  exit.o(.text)
    __user_libspace                          0x0800021d   Thumb Code     8  libspace.o(.text)
    __user_perproc_libspace                  0x0800021d   Thumb Code     0  libspace.o(.text)
    __user_perthread_libspace                0x0800021d   Thumb Code     0  libspace.o(.text)
    _sys_exit                                0x08000225   Thumb Code     8  sys_exit.o(.text)
    __I$use$semihosting                      0x08000231   Thumb Code     0  use_no_semi.o(.text)
    __use_no_semihosting_swi                 0x08000231   Thumb Code     2  use_no_semi.o(.text)
    __semihosting_library_function           0x08000233   Thumb Code     0  indicate_semi.o(.text)
    DMA1_Channel7_IRQHandler                 0x08000235   Thumb Code    68  zigbee_usart.o(i.DMA1_Channel7_IRQHandler)
    JTAG_Set                                 0x08000281   Thumb Code    38  sys.o(i.JTAG_Set)
    MYRCC_DeInit                             0x080002b1   Thumb Code    90  sys.o(i.MYRCC_DeInit)
    MY_NVIC_Init                             0x08000319   Thumb Code   144  sys.o(i.MY_NVIC_Init)
    MY_NVIC_PriorityGroupConfig              0x080003b1   Thumb Code    32  sys.o(i.MY_NVIC_PriorityGroupConfig)
    MY_NVIC_SetVectorTable                   0x080003d9   Thumb Code    12  sys.o(i.MY_NVIC_SetVectorTable)
    PT4115_Change                            0x080003ed   Thumb Code    22  tp4115.o(i.PT4115_Change)
    PT4115_Init                              0x0800040d   Thumb Code    24  tp4115.o(i.PT4115_Init)
    Stm32_Clock_Init                         0x08000425   Thumb Code   134  sys.o(i.Stm32_Clock_Init)
    TIM3_CH1234_Init                         0x080004b5   Thumb Code   322  tim.o(i.TIM3_CH1234_Init)
    TIM3_IRQHandler                          0x08000615   Thumb Code    30  a4988.o(i.TIM3_IRQHandler)
    USART1_IRQHandler                        0x0800063d   Thumb Code    68  debug_usart.o(i.USART1_IRQHandler)
    USART2_IRQHandler                        0x08000691   Thumb Code    66  zigbee_usart.o(i.USART2_IRQHandler)
    USART3_IRQHandler                        0x080006e5   Thumb Code    66  usart3.o(i.USART3_IRQHandler)
    delayInit                                0x08000739   Thumb Code    56  jpstm32_sysclk.o(i.delayInit)
    delayMs                                  0x08000779   Thumb Code    56  jpstm32_sysclk.o(i.delayMs)
    main                                     0x080007b5   Thumb Code    70  main.o(i.main)
    zigbee_usart_init                        0x08000805   Thumb Code   370  zigbee_usart.o(i.zigbee_usart_init)
    __aeabi_fadd                             0x08000999   Thumb Code     0  faddsub_clz.o(x$fpl$fadd)
    _fadd                                    0x08000999   Thumb Code   196  faddsub_clz.o(x$fpl$fadd)
    __aeabi_fdiv                             0x08000a5d   Thumb Code     0  fdiv.o(x$fpl$fdiv)
    _fdiv                                    0x08000a5d   Thumb Code   384  fdiv.o(x$fpl$fdiv)
    __aeabi_f2uiz                            0x08000be1   Thumb Code     0  ffixu.o(x$fpl$ffixu)
    _ffixu                                   0x08000be1   Thumb Code    62  ffixu.o(x$fpl$ffixu)
    __aeabi_ui2f                             0x08000c21   Thumb Code     0  fflt_clz.o(x$fpl$ffltu)
    _ffltu                                   0x08000c21   Thumb Code    38  fflt_clz.o(x$fpl$ffltu)
    __aeabi_fmul                             0x08000c49   Thumb Code     0  fmul.o(x$fpl$fmul)
    _fmul                                    0x08000c49   Thumb Code   258  fmul.o(x$fpl$fmul)
    __fpl_fnaninf                            0x08000d4b   Thumb Code   140  fnaninf.o(x$fpl$fnaninf)
    __fpl_fretinf                            0x08000dd7   Thumb Code    10  fretinf.o(x$fpl$fretinf)
    __aeabi_frsub                            0x08000de1   Thumb Code     0  faddsub_clz.o(x$fpl$frsb)
    _frsb                                    0x08000de1   Thumb Code    20  faddsub_clz.o(x$fpl$frsb)
    __aeabi_fsub                             0x08000df5   Thumb Code     0  faddsub_clz.o(x$fpl$fsub)
    _fsub                                    0x08000df5   Thumb Code   234  faddsub_clz.o(x$fpl$fsub)
    __I$use$fp                               0x08000ede   Number         0  usenofp.o(x$fpl$usenofp)
    Region$$Table$$Base                      0x08000ee0   Number         0  anon$$obj.o(Region$$Table)
    Region$$Table$$Limit                     0x08000f00   Number         0  anon$$obj.o(Region$$Table)
    usart_tx_status                          0x20000000   Data           1  debug_usart.o(.data)
    usart_buffer_overflow_flag               0x20000001   Data           1  debug_usart.o(.data)
    Usart1_RFinish                           0x20000002   Data           1  debug_usart.o(.data)
    USART1_TX_Len                            0x20000004   Data           2  debug_usart.o(.data)
    UsartDataLen                             0x20000006   Data           1  usart3.o(.data)
    Usart3RX_L                               0x20000007   Data           1  usart3.o(.data)
    UsartR_Finished                          0x20000008   Data           1  usart3.o(.data)
    ZigBee_usart_tx_status                   0x20000009   Data           1  zigbee_usart.o(.data)
    zigbee_buffer_overflow_flag              0x2000000a   Data           1  zigbee_usart.o(.data)
    size                                     0x2000000b   Data           1  zigbee_usart.o(.data)
    R_Finish                                 0x2000000c   Data           1  zigbee_usart.o(.data)
    zigbee_buffer                            0x20000014   Data         256  zigbee_usart.o(.bss)
    __libspace_start                         0x20000114   Data          96  libspace.o(.bss)
    __temporary_stack_top$libspace           0x20000174   Data           0  libspace.o(.bss)



==============================================================================

Memory Map of the image

  Image Entry point : 0x080000ed

  Load Region LR_IROM1 (Base: 0x08000000, Size: 0x00000f14, Max: 0x00010000, ABSOLUTE)

    Execution Region ER_IROM1 (Base: 0x08000000, Size: 0x00000f00, Max: 0x00010000, ABSOLUTE)

    Base Addr    Size         Type   Attr      Idx    E Section Name        Object

    0x08000000   0x000000ec   Data   RO           81    RESET               startup_stm32f10x_md.o
    0x080000ec   0x00000008   Code   RO          759  * !!!main             c_w.l(__main.o)
    0x080000f4   0x00000034   Code   RO          966    !!!scatter          c_w.l(__scatter.o)
    0x08000128   0x0000001a   Code   RO          968    !!handler_copy      c_w.l(__scatter_copy.o)
    0x08000142   0x00000002   PAD
    0x08000144   0x0000001c   Code   RO          970    !!handler_zi        c_w.l(__scatter_zi.o)
    0x08000160   0x00000002   Code   RO          839    .ARM.Collect$$libinit$$00000000  c_w.l(libinit.o)
    0x08000162   0x00000000   Code   RO          846    .ARM.Collect$$libinit$$00000002  c_w.l(libinit2.o)
    0x08000162   0x00000000   Code   RO          849    .ARM.Collect$$libinit$$00000008  c_w.l(libinit2.o)
    0x08000162   0x00000000   Code   RO          851    .ARM.Collect$$libinit$$0000000A  c_w.l(libinit2.o)
    0x08000162   0x00000000   Code   RO          853    .ARM.Collect$$libinit$$0000000C  c_w.l(libinit2.o)
    0x08000162   0x00000000   Code   RO          856    .ARM.Collect$$libinit$$0000000F  c_w.l(libinit2.o)
    0x08000162   0x00000000   Code   RO          858    .ARM.Collect$$libinit$$00000011  c_w.l(libinit2.o)
    0x08000162   0x00000000   Code   RO          860    .ARM.Collect$$libinit$$00000013  c_w.l(libinit2.o)
    0x08000162   0x00000000   Code   RO          862    .ARM.Collect$$libinit$$00000015  c_w.l(libinit2.o)
    0x08000162   0x00000000   Code   RO          864    .ARM.Collect$$libinit$$00000017  c_w.l(libinit2.o)
    0x08000162   0x00000000   Code   RO          866    .ARM.Collect$$libinit$$00000019  c_w.l(libinit2.o)
    0x08000162   0x00000000   Code   RO          868    .ARM.Collect$$libinit$$0000001B  c_w.l(libinit2.o)
    0x08000162   0x00000000   Code   RO          870    .ARM.Collect$$libinit$$0000001D  c_w.l(libinit2.o)
    0x08000162   0x00000000   Code   RO          872    .ARM.Collect$$libinit$$0000001F  c_w.l(libinit2.o)
    0x08000162   0x00000000   Code   RO          874    .ARM.Collect$$libinit$$00000021  c_w.l(libinit2.o)
    0x08000162   0x00000000   Code   RO          876    .ARM.Collect$$libinit$$00000023  c_w.l(libinit2.o)
    0x08000162   0x00000000   Code   RO          880    .ARM.Collect$$libinit$$0000002A  c_w.l(libinit2.o)
    0x08000162   0x00000000   Code   RO          882    .ARM.Collect$$libinit$$0000002C  c_w.l(libinit2.o)
    0x08000162   0x00000000   Code   RO          884    .ARM.Collect$$libinit$$0000002E  c_w.l(libinit2.o)
    0x08000162   0x00000000   Code   RO          886    .ARM.Collect$$libinit$$00000030  c_w.l(libinit2.o)
    0x08000162   0x00000002   Code   RO          887    .ARM.Collect$$libinit$$00000031  c_w.l(libinit2.o)
    0x08000164   0x00000002   Code   RO          907    .ARM.Collect$$libshutdown$$00000000  c_w.l(libshutdown.o)
    0x08000166   0x00000000   Code   RO          921    .ARM.Collect$$libshutdown$$00000003  c_w.l(libshutdown2.o)
    0x08000166   0x00000000   Code   RO          924    .ARM.Collect$$libshutdown$$00000006  c_w.l(libshutdown2.o)
    0x08000166   0x00000000   Code   RO          927    .ARM.Collect$$libshutdown$$00000009  c_w.l(libshutdown2.o)
    0x08000166   0x00000000   Code   RO          929    .ARM.Collect$$libshutdown$$0000000B  c_w.l(libshutdown2.o)
    0x08000166   0x00000000   Code   RO          932    .ARM.Collect$$libshutdown$$0000000E  c_w.l(libshutdown2.o)
    0x08000166   0x00000002   Code   RO          933    .ARM.Collect$$libshutdown$$0000000F  c_w.l(libshutdown2.o)
    0x08000168   0x00000000   Code   RO          805    .ARM.Collect$$rtentry$$00000000  c_w.l(rtentry.o)
    0x08000168   0x00000000   Code   RO          816    .ARM.Collect$$rtentry$$00000002  c_w.l(rtentry2.o)
    0x08000168   0x00000006   Code   RO          828    .ARM.Collect$$rtentry$$00000004  c_w.l(rtentry4.o)
    0x0800016e   0x00000000   Code   RO          818    .ARM.Collect$$rtentry$$00000009  c_w.l(rtentry2.o)
    0x0800016e   0x00000004   Code   RO          819    .ARM.Collect$$rtentry$$0000000A  c_w.l(rtentry2.o)
    0x08000172   0x00000000   Code   RO          821    .ARM.Collect$$rtentry$$0000000C  c_w.l(rtentry2.o)
    0x08000172   0x00000008   Code   RO          822    .ARM.Collect$$rtentry$$0000000D  c_w.l(rtentry2.o)
    0x0800017a   0x00000002   Code   RO          843    .ARM.Collect$$rtexit$$00000000  c_w.l(rtexit.o)
    0x0800017c   0x00000000   Code   RO          889    .ARM.Collect$$rtexit$$00000002  c_w.l(rtexit2.o)
    0x0800017c   0x00000004   Code   RO          890    .ARM.Collect$$rtexit$$00000003  c_w.l(rtexit2.o)
    0x08000180   0x00000006   Code   RO          891    .ARM.Collect$$rtexit$$00000004  c_w.l(rtexit2.o)
    0x08000186   0x00000002   PAD
    0x08000188   0x00000038   Code   RO           82    .text               startup_stm32f10x_md.o
    0x080001c0   0x00000006   Code   RO          757    .text               c_w.l(heapauxi.o)
    0x080001c6   0x0000004a   Code   RO          830    .text               c_w.l(sys_stackheap_outer.o)
    0x08000210   0x0000000c   Code   RO          832    .text               c_w.l(exit.o)
    0x0800021c   0x00000008   Code   RO          840    .text               c_w.l(libspace.o)
    0x08000224   0x0000000c   Code   RO          899    .text               c_w.l(sys_exit.o)
    0x08000230   0x00000002   Code   RO          910    .text               c_w.l(use_no_semi.o)
    0x08000232   0x00000000   Code   RO          912    .text               c_w.l(indicate_semi.o)
    0x08000232   0x00000002   PAD
    0x08000234   0x0000004c   Code   RO          546    i.DMA1_Channel7_IRQHandler  zigbee_usart.o
    0x08000280   0x00000030   Code   RO          118    i.JTAG_Set          sys.o
    0x080002b0   0x00000068   Code   RO          119    i.MYRCC_DeInit      sys.o
    0x08000318   0x00000098   Code   RO          120    i.MY_NVIC_Init      sys.o
    0x080003b0   0x00000028   Code   RO          121    i.MY_NVIC_PriorityGroupConfig  sys.o
    0x080003d8   0x00000014   Code   RO          122    i.MY_NVIC_SetVectorTable  sys.o
    0x080003ec   0x00000020   Code   RO          246    i.PT4115_Change     tp4115.o
    0x0800040c   0x00000018   Code   RO          247    i.PT4115_Init       tp4115.o
    0x08000424   0x00000090   Code   RO          123    i.Stm32_Clock_Init  sys.o
    0x080004b4   0x00000160   Code   RO          183    i.TIM3_CH1234_Init  tim.o
    0x08000614   0x00000028   Code   RO          215    i.TIM3_IRQHandler   a4988.o
    0x0800063c   0x00000054   Code   RO          306    i.USART1_IRQHandler  debug_usart.o
    0x08000690   0x00000054   Code   RO          547    i.USART2_IRQHandler  zigbee_usart.o
    0x080006e4   0x00000054   Code   RO          368    i.USART3_IRQHandler  usart3.o
    0x08000738   0x00000040   Code   RO          718    i.delayInit         jpstm32_sysclk.o
    0x08000778   0x0000003c   Code   RO          719    i.delayMs           jpstm32_sysclk.o
    0x080007b4   0x00000050   Code   RO            1    i.main              main.o
    0x08000804   0x00000194   Code   RO          549    i.zigbee_usart_init  zigbee_usart.o
    0x08000998   0x000000c4   Code   RO          783    x$fpl$fadd          fz_ws.l(faddsub_clz.o)
    0x08000a5c   0x00000184   Code   RO          790    x$fpl$fdiv          fz_ws.l(fdiv.o)
    0x08000be0   0x0000003e   Code   RO          793    x$fpl$ffixu         fz_ws.l(ffixu.o)
    0x08000c1e   0x00000002   PAD
    0x08000c20   0x00000026   Code   RO          797    x$fpl$ffltu         fz_ws.l(fflt_clz.o)
    0x08000c46   0x00000002   PAD
    0x08000c48   0x00000102   Code   RO          803    x$fpl$fmul          fz_ws.l(fmul.o)
    0x08000d4a   0x0000008c   Code   RO          810    x$fpl$fnaninf       fz_ws.l(fnaninf.o)
    0x08000dd6   0x0000000a   Code   RO          812    x$fpl$fretinf       fz_ws.l(fretinf.o)
    0x08000de0   0x00000014   Code   RO          784    x$fpl$frsb          fz_ws.l(faddsub_clz.o)
    0x08000df4   0x000000ea   Code   RO          785    x$fpl$fsub          fz_ws.l(faddsub_clz.o)
    0x08000ede   0x00000000   Code   RO          814    x$fpl$usenofp       fz_ws.l(usenofp.o)
    0x08000ede   0x00000002   PAD
    0x08000ee0   0x00000020   Data   RO          964    Region$$Table       anon$$obj.o


    Execution Region RW_IRAM1 (Base: 0x20000000, Size: 0x00000778, Max: 0x00005000, ABSOLUTE)

    Base Addr    Size         Type   Attr      Idx    E Section Name        Object

    0x20000000   0x00000006   Data   RW          311    .data               debug_usart.o
    0x20000006   0x00000003   Data   RW          372    .data               usart3.o
    0x20000009   0x00000004   Data   RW          551    .data               zigbee_usart.o
    0x2000000d   0x00000001   PAD
    0x2000000e   0x00000004   Data   RW          723    .data               jpstm32_sysclk.o
    0x20000012   0x00000002   PAD
    0x20000014   0x00000100   Zero   RW          550    .bss                zigbee_usart.o
    0x20000114   0x00000060   Zero   RW          841    .bss                c_w.l(libspace.o)
    0x20000174   0x00000004   PAD
    0x20000178   0x00000200   Zero   RW           80    HEAP                startup_stm32f10x_md.o
    0x20000378   0x00000400   Zero   RW           79    STACK               startup_stm32f10x_md.o


==============================================================================

Image component sizes


      Code (inc. data)   RO Data    RW Data    ZI Data      Debug   Object Name

        40         10          0          0          0        434   a4988.o
        84         16          0          6          0       1468   debug_usart.o
         0          0          0          0          0       1172   jpstm32_exti.o
       124         12          0          4          0       1154   jpstm32_sysclk.o
        80         10          0          0          0       3071   main.o
        56         22        236          0       1536        808   startup_stm32f10x_md.o
       508         58          0          0          0       3219   sys.o
       352         30          0          0          0        595   tim.o
        56         10          0          0          0       1030   tp4115.o
        84         18          0          3          0       1215   usart3.o
       564         60          0          4        256       2616   zigbee_usart.o

    ----------------------------------------------------------------------
      1948        246        268         20       1792      16782   Object Totals
         0          0         32          0          0          0   (incl. Generated)
         0          0          0          3          0          0   (incl. Padding)

    ----------------------------------------------------------------------

      Code (inc. data)   RO Data    RW Data    ZI Data      Debug   Library Member Name

         8          0          0          0          0         68   __main.o
        52          8          0          0          0          0   __scatter.o
        26          0          0          0          0          0   __scatter_copy.o
        28          0          0          0          0          0   __scatter_zi.o
        12          0          0          0          0         72   exit.o
         6          0          0          0          0        152   heapauxi.o
         0          0          0          0          0          0   indicate_semi.o
         2          0          0          0          0          0   libinit.o
         2          0          0          0          0          0   libinit2.o
         2          0          0          0          0          0   libshutdown.o
         2          0          0          0          0          0   libshutdown2.o
         8          4          0          0         96         68   libspace.o
         0          0          0          0          0          0   rtentry.o
        12          0          0          0          0          0   rtentry2.o
         6          0          0          0          0          0   rtentry4.o
         2          0          0          0          0          0   rtexit.o
        10          0          0          0          0          0   rtexit2.o
        12          4          0          0          0         68   sys_exit.o
        74          0          0          0          0         80   sys_stackheap_outer.o
         2          0          0          0          0         68   use_no_semi.o
       450          8          0          0          0        236   faddsub_clz.o
       388         76          0          0          0         96   fdiv.o
        62          4          0          0          0         84   ffixu.o
        38          0          0          0          0         68   fflt_clz.o
       258          4          0          0          0         84   fmul.o
       140          4          0          0          0         84   fnaninf.o
        10          0          0          0          0         68   fretinf.o
         0          0          0          0          0          0   usenofp.o

    ----------------------------------------------------------------------
      1624        112          0          0        100       1296   Library Totals
        12          0          0          0          4          0   (incl. Padding)

    ----------------------------------------------------------------------

      Code (inc. data)   RO Data    RW Data    ZI Data      Debug   Library Name

       266         16          0          0         96        576   c_w.l
      1346         96          0          0          0        720   fz_ws.l

    ----------------------------------------------------------------------
      1624        112          0          0        100       1296   Library Totals

    ----------------------------------------------------------------------

==============================================================================


      Code (inc. data)   RO Data    RW Data    ZI Data      Debug   

      3572        358        268         20       1892      16670   Grand Totals
      3572        358        268         20       1892      16670   ELF Image Totals
      3572        358        268         20          0          0   ROM Totals

==============================================================================

    Total RO  Size (Code + RO Data)                 3840 (   3.75kB)
    Total RW  Size (RW Data + ZI Data)              1912 (   1.87kB)
    Total ROM Size (Code + RO Data + RW Data)       3860 (   3.77kB)

==============================================================================

