<html>
<body>
<pre>
<h1>礦ision Build Log</h1>
<h2>Project:</h2>
E:\学习工作\学习\05  大三上\实训\day00\GPIO.uvproj
Project File Date:  09/05/2017

<h2>Output:</h2>
Build target 'Target 1'
linking...
Program Size: Code=304 RO-data=252 RW-data=0 ZI-data=1632  
".\Objects\GPIO.axf" - 0 Error(s), 0 Warning(s).
</pre>
</body>
</html>
ain.c(7): warning:  #1-D: last line of file ends without a newline
  return 0;}
app\main.c(7): warning:  #111-D: statement is unreachable
  return 0;}
app\main.c: 2 warnings, 0 errors
"app\main.c" - 0 Error(s), 2 Warning(s).
 a newline
  }
devices\Tim.c: 1 warning, 0 errors
compiling jpstm32_exti.c...
compiling jpstm32_gpio.c...
compiling jpstm32_nvic.c...
compiling jpstm32_sysclk.c...
linking...
Program Size: Code=304 RO-data=252 RW-data=0 ZI-data=1632  
".\Objects\GPIO.axf" - 0 Error(s), 3 Warning(s).
 3 Warning(s).
compiling main.c...
app\main.c(7): warning:  #1-D: last line of file ends without a newline
  return 0;}
app\main.c(7): warning:  #111-D: statement is unreachable
  return 0;}
app\main.c: 2 warnings, 0 errors
"app\main.c" - 0 Error(s), 2 Warning(s).
compiling main.c...
app\main.c(7): warning:  #1-D: last line of file ends without a newline
  return 0;}
app\main.c(7): warning:  #111-D: statement is unreachable
  return 0;}
app\main.c: 2 warnings, 0 errors
"app\main.c" - 0 Error(s), 2 Warning(s).
compiling main.c...
app\main.c(7): warning:  #1-D: last line of file ends without a newline
  return 0;}
app\main.c(7): warning:  #111-D: statement is unreachable
  return 0;}
app\main.c: 2 warnings, 0 errors
"app\main.c" - 0 Error(s), 2 Warning(s).
compiling main.c...
app\main.c(7): warning:  #1-D: last line of file ends without a newline
  return 0;}
app\main.c(7): warning:  #111-D: statement is unreachable
  return 0;}
app\main.c: 2 warnings, 0 errors
"app\main.c" - 0 Error(s), 2 Warning(s).
